<!DOCTYPE html><html><head lang="en">
    <meta charset="UTF-8">
    <title></title>
    <script type="text/javascript" src="../js/hello.js"></script></head><body>hello




</body></html>