<!DOCTYPE html><html><head lang="en">
    <meta charset="UTF-8">
    <title></title>
</head>
<body>
<script type="text/javascript">
    var xhr = new XMLHttpRequest();
    xhr.open("GET", './resource/async.txt', true);
    xhr.onreadystatechange = function () {
        if (xhr.readyState == 4 && xhr.status === 200) {
            document.getElementById('response').innerText = xhr.responseText;
        }
    };
    xhr.send();
</script>
<p id="response">wait request success</p>

</body></html>