<!DOCTYPE html><html><head lang="en">
    <meta charset="UTF-8">
    <title></title>
</head>
<body>this line is made by inject script</body></html>