<!DOCTYPE html><html><head lang="en">
    <meta charset="UTF-8">
    <title></title>
</head>
<body>
<script type="text/javascript">
    document.writeln(location.search);
</script>?code=1


</body></html>